<?xml version="1.0" encoding="UTF-8"?>
<testsuites name="jest tests" tests="2" failures="0" errors="0" time="1.154">
  <testsuite name="undefined" errors="0" failures="0" skipped="1" timestamp="2022-10-07T01:10:48" time="0.907" tests="2">
    <testcase classname=" should login a user" name=" should login a user" time="0.142">
    </testcase>
    <testcase classname=" should not login with wrong password" name=" should not login with wrong password" time="0">
      <skipped/>
    </testcase>
  </testsuite>
</testsuites>